stm32l4xx_it.c:75:6:NMI_Handler	4	static
stm32l4xx_it.c:88:6:HardFault_Handler	4	static
stm32l4xx_it.c:103:6:MemManage_Handler	4	static
stm32l4xx_it.c:118:6:BusFault_Handler	4	static
stm32l4xx_it.c:133:6:UsageFault_Handler	4	static
stm32l4xx_it.c:148:6:DebugMon_Handler	4	static
stm32l4xx_it.c:168:6:EXTI0_IRQHandler	8	static
stm32l4xx_it.c:182:6:EXTI1_IRQHandler	8	static
stm32l4xx_it.c:196:6:EXTI2_IRQHandler	8	static
stm32l4xx_it.c:210:6:EXTI3_IRQHandler	8	static
stm32l4xx_it.c:224:6:EXTI9_5_IRQHandler	8	static
stm32l4xx_it.c:238:6:TIM1_UP_TIM16_IRQHandler	8	static
stm32l4xx_it.c:252:6:DMA2_Channel1_IRQHandler	8	static
stm32l4xx_it.c:266:6:OTG_FS_IRQHandler	8	static
