stm32l476g_discovery_glass_lcd.c:156:6:BSP_LCD_GLASS_Init	8	static
stm32l476g_discovery_glass_lcd.c:187:6:BSP_LCD_GLASS_DeInit	8	static
stm32l476g_discovery_glass_lcd.c:216:6:BSP_LCD_GLASS_BlinkConfig	16	static
stm32l476g_discovery_glass_lcd.c:235:6:BSP_LCD_GLASS_Contrast	16	static
stm32l476g_discovery_glass_lcd.c:250:6:BSP_LCD_GLASS_DisplayBar	24	static
stm32l476g_discovery_glass_lcd.c:304:6:BSP_LCD_GLASS_ClearBar	24	static
stm32l476g_discovery_glass_lcd.c:359:6:BSP_LCD_GLASS_BarLevelConfig	16	static
stm32l476g_discovery_glass_lcd.c:434:6:BSP_LCD_GLASS_DisplayChar	16	static
stm32l476g_discovery_glass_lcd.c:447:6:BSP_LCD_GLASS_DisplayString	24	static
stm32l476g_discovery_glass_lcd.c:473:6:BSP_LCD_GLASS_DisplayStrDeci	24	static
stm32l476g_discovery_glass_lcd.c:510:6:BSP_LCD_GLASS_Clear	8	static
stm32l476g_discovery_glass_lcd.c:525:6:BSP_LCD_GLASS_ScrollSentence	32	static
stm32l476g_discovery_glass_lcd.c:585:13:LCD_MspInit	264	static
stm32l476g_discovery_glass_lcd.c:651:13:LCD_MspDeInit	40	static
stm32l476g_discovery_glass_lcd.c:693:13:Convert	24	static
stm32l476g_discovery_glass_lcd.c:810:13:WriteChar	24	static
