stm32l476g_discovery_qspi.c:110:9:BSP_QSPI_Init	16	static,ignoring_inline_asm
stm32l476g_discovery_qspi.c:155:9:BSP_QSPI_DeInit	8	static
stm32l476g_discovery_qspi.c:178:9:BSP_QSPI_Read	80	static
stm32l476g_discovery_qspi.c:218:9:BSP_QSPI_Write	96	static
stm32l476g_discovery_qspi.c:293:9:BSP_QSPI_Erase_Block	72	static
stm32l476g_discovery_qspi.c:341:9:BSP_QSPI_Erase_Sector	72	static
stm32l476g_discovery_qspi.c:382:9:BSP_QSPI_Erase_Chip	64	static
stm32l476g_discovery_qspi.c:422:9:BSP_QSPI_GetStatus	72	static
stm32l476g_discovery_qspi.c:475:9:BSP_QSPI_GetInfo	16	static
stm32l476g_discovery_qspi.c:491:9:BSP_QSPI_EnableMemoryMappedMode	72	static
stm32l476g_discovery_qspi.c:523:9:BSP_QSPI_SuspendErase	64	static
stm32l476g_discovery_qspi.c:570:9:BSP_QSPI_ResumeErase	64	static
stm32l476g_discovery_qspi.c:629:13:QSPI_MspInit	40	static
stm32l476g_discovery_qspi.c:661:13:QSPI_MspDeInit	32	static
stm32l476g_discovery_qspi.c:696:16:QSPI_ResetMemory	72	static
stm32l476g_discovery_qspi.c:738:16:QSPI_DummyCyclesCfg	88	static,ignoring_inline_asm
stm32l476g_discovery_qspi.c:797:16:QSPI_WriteEnable	96	static
stm32l476g_discovery_qspi.c:843:16:QSPI_AutoPollingMemReady	96	static
