stm32l4xx_hal_pcd.c:126:19:HAL_PCD_Init	80	static
stm32l4xx_hal_pcd.c:253:19:HAL_PCD_DeInit	16	static
stm32l4xx_hal_pcd.c:289:13:HAL_PCD_MspInit	16	static
stm32l4xx_hal_pcd.c:304:13:HAL_PCD_MspDeInit	16	static
stm32l4xx_hal_pcd.c:999:19:HAL_PCD_Start	24	static
stm32l4xx_hal_pcd.c:1024:19:HAL_PCD_Stop	16	static
stm32l4xx_hal_pcd.c:1046:6:HAL_PCD_IRQHandler	64	static
stm32l4xx_hal_pcd.c:1545:13:HAL_PCD_DataOutStageCallback	16	static
stm32l4xx_hal_pcd.c:1562:13:HAL_PCD_DataInStageCallback	16	static
stm32l4xx_hal_pcd.c:1577:13:HAL_PCD_SetupStageCallback	16	static
stm32l4xx_hal_pcd.c:1592:13:HAL_PCD_SOFCallback	16	static
stm32l4xx_hal_pcd.c:1607:13:HAL_PCD_ResetCallback	16	static
stm32l4xx_hal_pcd.c:1622:13:HAL_PCD_SuspendCallback	16	static
stm32l4xx_hal_pcd.c:1637:13:HAL_PCD_ResumeCallback	16	static
stm32l4xx_hal_pcd.c:1653:13:HAL_PCD_ISOOUTIncompleteCallback	16	static
stm32l4xx_hal_pcd.c:1670:13:HAL_PCD_ISOINIncompleteCallback	16	static
stm32l4xx_hal_pcd.c:1686:13:HAL_PCD_ConnectCallback	16	static
stm32l4xx_hal_pcd.c:1701:13:HAL_PCD_DisconnectCallback	16	static
stm32l4xx_hal_pcd.c:1735:19:HAL_PCD_DevConnect	24	static
stm32l4xx_hal_pcd.c:1759:19:HAL_PCD_DevDisconnect	24	static
stm32l4xx_hal_pcd.c:1784:19:HAL_PCD_SetAddress	16	static
stm32l4xx_hal_pcd.c:1800:19:HAL_PCD_EP_Open	24	static
stm32l4xx_hal_pcd.c:1844:19:HAL_PCD_EP_Close	24	static
stm32l4xx_hal_pcd.c:1875:19:HAL_PCD_EP_Receive	32	static
stm32l4xx_hal_pcd.c:1906:10:HAL_PCD_EP_GetRxCount	16	static
stm32l4xx_hal_pcd.c:1918:19:HAL_PCD_EP_Transmit	32	static
stm32l4xx_hal_pcd.c:1949:19:HAL_PCD_EP_SetStall	24	static
stm32l4xx_hal_pcd.c:1990:19:HAL_PCD_EP_ClrStall	24	static
stm32l4xx_hal_pcd.c:2026:19:HAL_PCD_EP_Flush	16	static
stm32l4xx_hal_pcd.c:2049:19:HAL_PCD_ActivateRemoteWakeup	16	static
stm32l4xx_hal_pcd.c:2059:19:HAL_PCD_DeActivateRemoteWakeup	16	static
stm32l4xx_hal_pcd.c:2088:18:HAL_PCD_GetState	16	static
stm32l4xx_hal_pcd.c:2112:26:PCD_WriteEmptyTxFifo	40	static
stm32l4xx_hal_pcd.c:2171:26:PCD_EP_OutXfrComplete_int	32	static
stm32l4xx_hal_pcd.c:2218:26:PCD_EP_OutSetupPacket_int	32	static
